Gg, Gg, Gs^Fds, Gg, Gg, Gs, Gs, Gs^Fds, Gs^Fds, Gg, Gs^Fds, Gs^Fds, Gs, Gs, Gs, Ha, Ha, Hhd, Ha, Ha, Ha, Hhd, Ha, Ms, Ms, Ms, Ms^Xm, Ms, Ms^Xm, Ms^Xm, Ms^Xm, Ms, Ms, Ms, Ms, Ms, Ms, Ms, Ms, Ms
Gg, Gg, Gs, Gg, Gs, Gs, Gs^Fds, Gs, Gs^Fds, Gs^Fds, Gs^Fds, Gs^Fds, Gs, Gs, Gs, Gs, Gs, Hhd, Gs, Ha, Gs, Hhd, Ha, Ha, Ms, Ms, Ms, Ms, Ms, Ms^Xm, Ms^Xm, Ms^Xm, Ms^Xm, Ms^Xm, Ms^Xm, Ms, Ms^Xm, Ms, Ms, Ms
Gs, Gs^Fms, Ha, Ha^Fms, Hhd, Gs^Fms, Gs^Fds, Aa^Fpa, Aa^Fpa, Gs^Fds, Aa^Fma, Aa, Aa, Gd, Gd, Gd, Gs, Gs, Gs, Gs, Gs, Hhd, Hhd, Ms, Ms, Ms, Ha, Ms, Ms, Ms, Ms, Ms, Ms, Ms, Ms^Xm, Ms, Ms, Ms, Ms, Ms
Hh^Fms, Gs, Hhd, Hhd^Fms, Ha^Fds, Gs^Fds, Aa^Fpa, Aa^Fpa, Aa^Fpa, Gs^Fds, Aa^Fma, Aa^Fma, Aa, Gd, Gd, Gd, Gd, Gs, Gs, Gs, Gs, Gs, Gs, Ha, Ha, Hhd, Hhd, Ha, Ha, Ms, Hhd, Ha, Ms, Ms^Xm, Ms, Ms, Ms, Ms^Xm, Ms, Ms
Ha^Fds, Ha, Hhd, Ha^Fms, Ha^Fds, Gs^Fds, Aa^Fpa, Aa^Fpa, Gll^Fp, Gs^Fds, Aa, Aa, Re^Em, Re, Re, Re, Rd, Rd, Gll, Re^Vct, Gll^Fds, Gs, Aa, Aa, Aa, Hhd, Hhd, Ha, Ms, Hhd, Hhd, Ms, Ms, Ms^Xm, Ms, Ms, Ms, Ms, Ms, Ms
Ha^Fms, Ha^Fms, Hhd^Fms, Hhd^Fms, Hhd^Fms, Hhd^Fms, Hhd^Fms, Gll^Fp, Ha^Fds, Gs^Fds, Gll, Re^Vct, Rd^Ecf, Rd, Cea, Rd, Rd, Rd, Gll, Gs^Fds, Gs^Fds, Aa^Fda, Aa^Fma, Aa, Aa, Gs, Ha, Ha, Ms, Ms, Ms, Ms, Ms^Xm, Ms^Xm, Ms^Xm, Ms, Ms, Ms, Ms, Ms
Gs^Fds, Gs^Fms, Hhd^Fds, Ha^Fms, Ha^Es, Gg^Fms, Hhd, Ha^Fds, Ha^Fds, Gll, Re, Rd, Rd, Rd, 3 Kea, Cea, Rd, Rd, Gd, Gll, Re^Fds, Aa^Fpa, Aa^Fma, Aa, Aa, Gs, Hhd, Ha, Ms, Ms, Ms, Ms, Ms, Ms^Xm, Ms^Xm, Ms^Xm, Ms^Xm, Ms, Ms, Ms
Ha, Hhd^Fms, Hhd^Fds, Ha^Fms, Hhd, Hhd, Ha, Ha, Hhd, Gs, Re, Rd, Rd, Cea, Cea, Rd^Es, Rd, Re^Ecf, Re, Gll, Re^Vct, Re^Fds, Gs^Es, Aa, Aa^Efm, Hhd, Hhd, Ms, Ha, Ms, Hhd, Ms, Ms, Ms, Ms^Xm, Ms, Ms, Ms^Xm, Ms^Xm, Ms
Ha, Ha^Fds, Hhd, Hhd, Ha, Gs, Gd, Ha, Re^Vct, Re, Re, Re, Rd, Rd, Re, Re, Re, Re, Gd, Gd, Gs, Gs, Aa, Aa, Aa, Aa, Gs, Ha, Ha, Ha, Hhd, Hhd^Es, Ms, Ms, Ms, Ms, Hhd, Ms^Xm, Ms^Xm, Ms
Gs^Fds, Hhd^Fms, Hhd^Fms, Ha, Gd^Efm, Gs, Gd, Gs, Gs, Re, Gs, Re^Es, Rd^Vct, Re^Ecf, Re, Re, Re, Gd^Es, Gs, Gs, Gs, Gd, Aa, Aa, Aa, Gs, Gs, Gs, Gs, Hhd^Es, Ha, Ha, Ha, Ms, Ms, Ha, Ms, Ms^Xm, Ms^Xm, Ms
Aa^Fpa, Aa^Fpa, Gs^Fds, Ha, Aa, Gd, Gd, Gd, Aa, Aa, Aa, Gd, Rd, Rd, Aa, Rd, Gd^Es, Gd, Gs, Gs, Gs^Fms, Gd, Gd, Aa, Gd, Gd, Gs, Gs, Gs, Ha, Hhd, Ha, Hhd, Hhd, Hhd, Ha, Ms, Ms, Ms^Xm, Md^Xm
Gs^Fms, Aa^Fpa, Gs, Gs, Aa, Aa, Gs^Fds, Gd, Aa^Fpa, Aa, Aa, Gs, Gs, Aa^Esa, Aa^Esa, Aa, Gs, Gs, Gd, Gd, Aa, Gd, Gd, Gd, Gd, Gd, Gd, Gs, Gs, Hhd, Ha, Ms, Ms, Ms^Xm, Ms, Ms, Ms, Ms^Xm, Ms^Xm, Ms^Xm
Aa^Fma, Gs^Fms, Gs^Fms, Gg^Fms, Gs^Fms, Gs^Fds, Gs^Fms, Aa^Fpa, Aa^Fpa, Aa^Em, Aa, Gd^Esa, Gd^Esa, Aa^Esa, Aa^Esa, Aa^Esa, Aa^Esa, Aa, Aa, Aa, Aa, Aa, Gs^Fms, Gd, Gs^Fms, Gd, Gd, Gs, Gs, Ha, Ha, Ms, Ms, Ms, Hhd, Ms, Ms, Ms^Xm, Ms^Xm, Ms^Xm
Gs^Fds, Gs^Fms, Gs^Fms, Aa^Fpa, Aa^Fpa, Aa^Fpa, Gs^Fms, Aa^Fpa, Gs, Gs^Fds, Gs^Fds, Gd^Esa, Aa, Aa, Aa^Fda, Aa^Esa, Aa, Aa, Aa^Esa, Aa^Esa, Aa, Aa, Aa^Em, Aa^Fda, Aa^Fda, Gd, Gd, Gs, Gs, Gs, Hhd, Ha, Ha, Hhd, Ms, Ms, Ms^Xm, Md^Xm, Ms^Xm, Ms
Aa^Fpa, Aa^Fpa, Aa^Fpa, Gs^Fms, Aa^Fda, Gg^Em, Gs^Fms, Gs, Gs, Gs^Fds, Gs, Gs, Aa, Aa^Esa, Aa^Fpa, Aa^Fpa, Aa, Aa^Esa, Aa^Fpa, Aa^Esa, Aa, Gs^Fds, Gs^Fds, Aa^Fpa, Gd, Gd, Gd, Gd^Efm, Gs, Gs, Hhd, Hhd, Ha, Ha, Ms, Ms, Ms, Ms, Ms^Xm, Ms^Xm
Aa^Fpa, Aa^Fpa, Aa, Aa, Aa^Fda, Aa^Fda, Gs^Fds, Gs, Gd, Gd, Gd, Gd, Gd, Gs^Esa, Gs, Aa, Gs, Aa, Aa, Aa, Gd, Gd, Gd, Gd, Gd, Gd, Gd, Gd, Gs, Gs, Gs, Ha, Ha^Es, Ms, Ms, Ms, Ms, Ha, Ms^Xm, Ms^Xm
Gd, Aa^Fpa, Gd, Aa, Gd, Gd, Gd, Gd, Gd, Gd, Hhd, Gd, Ha, Aa, Aa, Aa, Aa, Gd, Gd, Gd, Gd, Gd, Gd, Gd, Gd, Gd, Aa^Es, Gd, Gd, Gs, Gs, Ha, Hhd, Ms, Ms, Ms, Ha, Ms, Ms^Xm, Ms^Xm
Gd, Gd, Gd, Gd, Gd, Gd, Gd, Gd, Aa^Fma, Hhd, Hhd^Fds, Ha, Ha, Hhd^Fds, Gs^Fms, Aa, Aa, Gd, Gs^Fds, Gs^Fms, Gs, Gd, Gd, Gd, Gd, Aa^Fda, Aa^Fda, Gs^Fds, Gd, Gs, Gs, Hhd, Ha, Hhd, Ha, Ha, Ms, Ms^Xm, Ms^Xm, Ms
Hh^Fds, Gd, Gd, Gd, Gd, Gd, Gd, Aa^Fma, Aa^Fpa, Aa^Fpa, Gs^Fds, Hhd, Hhd, Hhd^Fds, Gd, Aa, Aa, Aa, Gs, Gs, Gs, Gd, Gd, Gd^Efm, Gd, Gd, Gd, Gd, Gd, Gs, Gs, Gs, Gs, Ha, Hhd, Ha, Hhd, Ms, Ms, Ms^Xm
Ha, Ha, Gs, Gd, Ha, Gd, Aa, Aa^Fma, Gs^Fms, Aa^Fpa, Aa, Aa^Fma, Aa^Fma, Gd, Gd, Gd, Aa, Aa, Gs, Gs, Aa^Fpa, Gs, Re^Fds, Aa, Aa, Gd, Gs^Fds, Gd, Gd, Gd, Gs, Gs, Gs, Hhd, Hhd, Ha, Ha, Hhd, Ms, Ms
Hhd, Ha, Hhd, Ha, Hhd^Fms, Hhd^Fds, Aa, Aa^Em, Gs^Fms, Gs, Aa, Aa^Fma, Aa, Gs, Gd, Gd, Gd, Gs, Gs^Fds, Aa^Fpa, Aa^Fda, Gs, Aa^Fpa, Aa^Es, Re^Fds, Aa, Gs^Fds, Gd, Gd, Gs, Gs, Gs, Aa^Esa, Aa, Aa, Hhd, Ha, Hhd, Hhd, Ms
Hhd, Hhd, Hhd, Hhd, Hhd^Fms, Hhd, Gd, Gs^Fds, Gs^Fds, Gs, Gd, Aa, Gd, Gs, Aa, Aa, Aa, Gd, Gd, Aa^Fpa, Gs^Fds, Gs^Fds, Aa^Fpa, Aa^Fpa, Aa^Fda, Aa, Aa, Gd, Gd, Gd, Gs, Gs, Aa^Esa, Aa^Esa, Aa^Esa, Hhd, Ha, Ha, Ha, Ms
Ha, Ha, Hhd^Fms, Hhd^Fds, Hhd^Fds, Hhd, Gd, Aa, Aa, Aa, Gd, Gd, Gd, Aa, Ha, Aa^Efm, Hhd^Em, Ha, Gs, Gs^Fds, Gs^Em, Gs^Fds, Gs^Fds, Aa^Fda, Aa^Fda, Aa, Aa, Gd, Gd, Gd, Gd, Gs, Gs, Aa, Re, Re, Re, Ha, Ha^Emf, Ha
Ha, Ha, Hhd, Hhd^Vh, Ha, Ha, Hhd, Aa, Aa, Aa, Gd, Gd, Gd, Ha, Ha, Hhd, Ha, Hhd^Fms, Gd, Gs, Gs^Fds, Gs^Fds, Gs^Fds, Aa^Fpa, Aa^Fpa, Aa^Fpa, Gg^Fds, Gd, Gd, Coa, Re, Gd, Re, Re, Gs, Gs, Gs, Ha^Voa, Wwr, Wwr
Hhd, Hhd, Hhd, Ha, Ha, Hhd, Ha^Es, Gd, Gd, Gd, Aa, Aa, Hhd, Hhd, Hhd^Es, Wwf^Es, Ha, Ha, Gg^Fds, Hhd^Fda, Aa^Fpa, Gs^Fds, Gs^Fds, Aa^Fpa, Aa^Fpa, Aa^Fpa, Aa, Gd, Gd, Gd, Re, Re, Gd, Re, Re, Rb^Gvs, Rb^Gvs, Hhd^Emf, Wwr, Ha
Hhd, Hhd, Ha, Hhd, Gg^Fds, Hhd^Es, Hhd^Fms, Ha, Gd, Gd, Aa, Aa, Ha, Ha, Hhd^Fds, Wwf^Es, Aa^Fma, Ha, Hhd^Fds, Hhd^Fda, Aa^Fma, Aa^Fma, Gd, Aa^Voa, Gs, Aa, Gd, Gd, Re, Re, Ai, Ai, Wwf, Rb^Gvs, Rb^Gvs, Rb^Voa, Ww^Es, Ww^Es, Hhd, Ha^Es
Hhd, Ha, Hhd^Fds, Gg^Fms, Gg^Fds, Gs^Fds, Ha^Fma, Hhd^Fms, Gs, Gd, Gd, Gs^Efm, Hhd, Ha^Fma, Ha^Es, Wwf^Es, Wwf^Es, Ha, Ha, Aa^Fma, Gg^Fds, Aa^Fma, Coa, Re, Re, Gd, Gd, Gd, Re, Rb^Gvs, Gd, Ha, Wwf, Rb^Gvs, Ww, Ww^Es, Hhd, Ha, Ha, Hhd
Hhd, Hhd, Gg^Fms, Gg^Fds, Gg^Fms, Gs^Fds, Ha^Fma, Ha^Fpa, Hh^Fds, Gs, Gd, Gd, Gd, Hhd, Ha, Ha, Gg^Fds, Ww^Es, Ha, Gg^Fds, Gg^Fds, 1 Koa, Coa, Gd, Gs, Re, Re, Gd, Re, Gd, Gd, Rb^Gvs, Aa, Ww, Aa, Rb^Gvs, Hhd, Ha, Hhd, Hhd
Ha, Ha, Ha^Feta, Gg^Fms, Gg^Fms, Gg^Fms, Gg^Fds, Gs, Gs, Gs, Gd, Gd, Gd, Gd, Gs^Efm, Hhd, Ha^Emf, Ww^Es, Ww, Gd, Gd, Coa, Gd, Gd, Gd, Gs, Re, Re, Coa, Rb, Rb, Aa^Voa, Ai, Ww, Re, Aa^Voa, Hhd, Hhd, Ha^Edt, Ms
Hhd, Ha, Hhd, Ha, Hh^Fds, Gg^Fms, Gg^Fds, Gg^Fms, Gs, Gs, Gd, Gd, Aa, Gd, Re, Aa^Voa, Hhd, Hhd, Rb^Gvs, Ai, Ai, Gd, Rb^Gvs, Aa^Voa, Re, Re, Coa, 2 Koa, Ai, Ww, Ww, Ai^Bw\, Ww^Bw\, Rb, Aa, Ha, Gll^Fp, Ha, Ms, Ms
Hhd, Hhd, Hhd^Fms, Ha, Ha, Hh^Fds, Hhd, Gs, Gs, Gs, Gd, Aa, Coa, Aa, Re, Gd, Gd, Gd^Efm, Aa^Voa, Rb^Gvs, Gd, Ww, Ww^Bw/, Rb, Re^Gvs, Rb, Coa, Ai, Ww, Ww, Ai, Ww, Rb, Rb, Ha, Hhd^Fp, Gll^Fp, Ms, Ms^Xm, Ms
Hhd, Hhd^Fds, Hhd, Ha, Hhd, Hhd, Ha, Gg^Fds, Hhd, Gs, Gd, Aa, Gd, Re, Gd, Gd, Gd, Gd, Re, Gd, Re, Rb, Gd, Ai, Re^Es, Ww, Ww, Ai, Wot, Ww, Ww, Ai, Aa^Voa, Aa^Em, Hhd^Fp, Hhd^Fms, Ha, Ms, Ms, Ms
Ha, Ha, Gd^Efm, Gd^Efm, Hhd^Fms, Hhd, Ha^Feta, Ha, Hhd^Fds, Gs, Gs, Gd, Gd^Eff, Re, Re, Gd, Gd, Gd, Re, Re, Gd, Re, Gd, Ai, Ai, Ww, Wot, Wot, Wo, Wot, Wot, Ai, Rb^Gvs, Ha, Hhd^Fp, Hhd^Fp, Ms^Xm, Ms, Ms, Ms
Hhd, Hhd, Hhd^Fms, Gd^Efm, Hhd, Hhd, Hhd, Ha, Gs, Gs^Efm, Gd^Eff, Gs^Eff, Rd^Gvs, Gd^Eff, Rb^Eff, Re, Rb^Gvs, Re, Gd, Gd, Aa^Voa, Re, Rb, Ww, Ww, Ww, Wot, Wo, Wo, Wot, Wot, Ww, Wwr, Hhd^Fp, Hhd^Fp, Ms, Ms, Ms, Ms, Ms
Hhd, Hhd, Ha, Gd, Gd, Gd^Efm, Hhd, Hhd, Gs^Eff, Gd^Eff, Rd^Gvs, Re^Gvs, Re, Re^Eff, Aa, Ww, Ww, Rb, Ww, Rb^Gvs, Rb^Gvs, Gd, Ww, Ww^Bw\, Rb, Ai, Ai, Wot, Wot, Wo, Ww, Ww, Wwr, Hhd^Fp, Hhd^Fms, Hhd, Ms, Ms, Ms, Ms
Hhd, Ha, Ha, Gd, Gd, Gd, Gd, Gs, Gd, Gd^Eff, Gd^Eff, Aa^Eff, Aa^Voa, Aa, Aa, Rb^Gvs, Rb^Gvs, Ww^Bw|, Gd, Ww, Ww, Ww, Ai, Ww, Re^Gvs, Aa^Voa, Gs^Fds, Ww, Ww, Ww, Ai, Ai, Ww, Hhd^Fp, Hhd^Fp, Hhd^Fms, Ms, Ms, Ms, Ms
Ha, Hhd^Fds, Hhd^Fms, Hhd, Hhd^Fds, Gd^Es, Gd, Gd, Gd, Gd, Gd, Aa, Gd, Aa, Gd, Gs, Re, Rb, Gg^Fds, Gg^Fds, Wwr, Ai, Ai, Ww, Ww, Gs^Fds, Ww, Gs^Fds, Ai, Ww, Ww, Ai, Ww, Ww^Es, Hhd, Hhd^Fp, Ms, Ms, Ms, Ms
Hh, Ha, Hhd, Hhd, Hhd, Gd^Es, Gd, Gd, Gd, Gd, Gd, Gd, Gd, Gd, Gd, Re, Re, Gd, Gg^Fds, Gg^Fds, Wwr, Ww, Ww, Ww, Ww, Ww, Ww, Ww, Ww, Ww, Ww, Ww, Ww, Ww, Hh, Ms, Ms, Ms, Ms, Ms
