Gs^Fmf, Gg, Gs^Fp, Gs^Fp, Gs^Fp, Rd, Gd, Gd, Aa, Aa, Gd, Gd, Ha^Es, Ha, Ha, Hh^Fms, Hhd, Ha^Fpa, Ha^Fpa, Ha^Fpa, Gs, Gs^Fmf, Gg^Fp, Gs^Fds, Gll^Fp, Gll^Fp, Gll^Fp, Gll^Fp, Gll^Fp, Gll^Fp, Gs, Gs^Fds, Aa^Fma, Gs^Fp, Gs^Fp, Gg^Fp, Gs^Fms, Gg, Aa^Fpa, Gg, Aa^Fpa, Gll^Fmf, Gs^Fp, Gs^Fms
Gs^Fds, Gs^Fmf, Gll^Fdw, Gll^Fdw, Aa, Aa, Aa, Aa, Aa, Aa, Gd, Gd, Hhd, Hhd^Fpa, Hhd^Fpa, Hhd, Hhd, Hhd^Fda, Aa, Gd, Gs^Es, Rd, Rd, Aa^Fda, Re, Aa^Fpa, Aa^Fda, Aa^Fpa, Rd, Gll^Fmf, Gs, Gs, Gd, Aa^Es, Aa^Fma, Gs^Fms, Gll^Fmf, Aa^Fda, Aa^Fpa, Aa^Feta, Aa^Fda, Aa^Fpa, Gll^Fmf, Gs^Fms
Gs^Fms, Gll, Rb^Fetd, Rd, Rd, Rd, Rd, Aa, Re, Gd, Gd, Hhd, Ha, Hhd, Hhd^Es, Ha, Ha^Fpa, Aa, Aa, Aa, Gd, Gs, Gd, Rd, Re, Rb, Rb, Re, Rd, Rd, Gs^Efm, Gll^Fmf, Gs^Fp, Aa, Aa, Gs^Fp, Aa^Fda, Gs^Fds, Gs^Fms, Aa^Fda, Aa, Gs^Fms, Gs^Fp, Gs^Fms
Gs^Fms, Gll, Re, Rd, Rd, Rd^Ecf, Rd, Re, Re, Gs, Gs, Hhd, Gd, Ha, Hhd^Fda, Ha, Aa, Aa, Aa, Gd, Gs, Gd, Gd, Gd, Rd, Rb^Vha, Rb, Rb, Gs, Gd, Aa, Aa^Fpa, Gll^Fmf, Gs^Fms, Aa, Aa^Efm, Aa, Aa^Fpa, Gs^Fp, Aa, Gs, Gs^Fms, Gd, Gg^Fms
Gll, Gll, Gs^Es, Re, Rd, Rd, Re, Rb, Rb, Rb, Re, Gs, Gd, Ha, Gs, Aa, Gd, Aa, Gs, Gs^Es, Aa, Gd, Gd, Gd, Rd, Rb, Rd, Re, Gd, Gd, Aa, Aa^Fda, Aa, Aa^Fpa, Aa^Fda, Aa, Gs, Aa, Gs^Es, Gs, Gd, Gd, Gs, Gg^Fms
Gd, Gd, Aa, Re^Dr, Re, Re, Re, Re, Ket, Rd, Cea, Re, Re, Gs, Gd, Gd, Gd, Gs, Gd, Aa, Aa, Aa, Gd, Rd, Gs, Re, Gd, Rd, Gd, Gd, Gd, Aa, Gd^Em, Aa, Gd, Gd, Gd, Gd, Gd, Gs, Gd, Gd, Gs^Fms, Gg^Fms
Gd, Aa, Aa, Aa, Rd, Re, Rd^Dr, Rb, Rb^Fetd, Rb^Vct, Re, Cea, Rb, Ket, Cea, Gd, Ur^Dr, Gd, Aa, Aa, Aa, Aa, Rd, Gd, Aa, Aa, Aa, Gd^Efm, Gd, Gd, Aa, Gd, Gs, Gd, Gd, Gd, Gd, Gd, Gg^Em, Gd, Gll^Fmf, Aa, Gs^Fp, Gg^Fms
Aa, Aa, Rd, Rd, Cea, Cea, Re, Re, Rb, Rb, Re, Re, Re, Re, Re, Rb, Rb, Cea, Cea, Ket, Cea, Gs, Rd, Gd, Aa, Aa, Aa, Gd, Gd, Aa, Aa, Gs, Gs, Gd, Gd, Gd, Gd, Gd, Gs^Fds, Gs^Fp, Aa^Fma, Aa^Fma, Gs^Fms, Gg^Fms
Aa, Rd, Re, Rd^Dr, Rb, Re, Re, Rb^Ecf, Re, Re, Cea, Cea^Vct, Cea, Cea, Re, Rb, Rb^Ecf, Rb, Re, Re, Re, Rd, Gd, Aa, Aa^Esd, Aa, Aa, Gd, Aa, Aa, Aa^Fma, Gs, Aa, Aa, Gd, Gd, Gd, Gs^Fms, Aa^Fma, Gs^Fp, Aa^Fpa, Aa^Fda, Gs^Fms, Gg^Fds
Rd, Re, Rb, Ket, Rb, Rb^Fetd, Rb, Rb, Rb, Cea^Vct, Rd, Cea, Re, Cea, Rb, Re, Rb, Rb, Rb, Re, Rd^Vct, Ket^Edt, Rb, Aa, Aa, Aa, Gs, Aa, Aa^Fda, Gs^Fds, Aa^Fpa, Gll^Fdf, Aa, Aa, Gd, Gd, Aa, Gs^Fms, Aa^Fda, Aa^Fpa, Gll^Fdf, Aa^Fpa, Gs^Fms, Gg^Fds
Rb, Rd, Re, Cea, Re, Re, Rb^Vct, Re, Rb, Ket, Cea^Vct, Cea, Cea^Vct, Ket, Rb, Rb, Re, Rb^Fetd, Rd, Rd, Re, Cea^Dr, Rb, Gd, Gd, Gd, Aa, Aa, Aa^Fda, Aa^Fma, Aa^Feta, Aa^Fpa, Aa, Gd, Gd, Aa, Aa, Aa, Gs^Fms, Aa^Fma, Aa^Fma, Gs^Fms, Aa^Fma, Aa^Fma
Rb, Rd, Rd, Rb, Rd, Re, Re, Rb, Rb, Re, Rb, Cea, Re, Re, Rb, Re, Rb, Rb, Re, Rd, Ket, Cea, Aa, Aa, Gd, Aa^Efm, Aa^Fda, Gs^Fds, Gs^Fds, Gs^Fds, Aa, Aa, Gs, Gd, Gd, Aa, Aa, Aa, Gll^Fmf, Aa^Fda, Gs^Fms, Gs^Fms, Gs^Fds, Aa^Fma
Ai, Rb, Ww, Ur^Dr, Ket, Rd, Cea, Re, Rb, Rb, Re, Rb, Rb, Rb^Ecf, Rb, Re, Rb, Re, Ket, Rd, Rb, Gd, Aa, Gd, Gd, Aa, Aa^Fda, Aa^Fda, Aa^Fpa, Aa^Fpa, Gll^Fmf, Gs, Gd, Gs, Gd, Gd, Gd, Gd, Gd, Gs^Fms, Aa^Fda, Aa^Fda, Aa^Fma, Gs^Fds
Ai, Ai, Ww, Ai^Edt, Ai^Edt, Cea, Wwf^Es, Ur^Dr, Rb^Em, Ket, Cea, Re, Cea, Re, Re, Rb^Vct, Cea, Cea, Rb, Gs, Gs, Aa, Aa^Es, Aa, Aa, Gd, Aa, Aa, Gd, Aa^Fpa, Gs, Gs, Gd, Gd, Aa, Aa, Aa^Em, Gd, Gs^Fms, Gs^Fds, Gs^Fds, Aa^Fma, Gs^Fms, Gg^Fms
Gd, Wwf^Es, Rb, Ww, Rb, Ww^Edt, Ww, Ww^Edt, Ai, Ww^Edb, Ww, Rb^Dr, Ww, Cea, Re, Ket, Gs, Re, Gs, Aa, Aa, Aa, Aa, Aa, Aa, Gd, Gd, Gd, Gs, Gs^Es, Gd, Gd, Gd, Gd, Aa, Aa^Fda, Gs^Fds, Gs^Fds, Gs^Fms, Gs^Fms, Gs^Fms, Gs^Fds, Gs^Fms, Gg^Fms
Gd, Gd, Gd, Gd, Gd, Gd, Gs, Re, Gd, Ai, Re, Ww^Edt, Rb, Ai, Ai, Gg, Gs, Gs, Aa, Gs, Aa, Aa, Gd, Aa, Gs, Gs, Gd, Gs, Gd, Gd, Gd, Gd, Gd, Aa, Aa^Fda, Aa^Fda, Aa^Fma, Gs^Fms, Gs^Fds, Aa^Fda, Aa^Fda, Gs^Fms, Gs^Fds, Gg^Fms
Gd, Gd, Aa, Aa, Aa, Gs, Gs^Es, Gd, Gd, Gd, Gd, Re, Gd, Re, Ww, Rb, Re, Gs, Gs, Aa, Aa, Gd, Re, Gs, Gs, Gs, Rd, Gd, Re, Gll^Fdf, Gd, Gd, Gd, Gs^Fms, Gs^Fms, Aa^Fda, Gs^Fds, Gs^Fms, Gs^Fms, Gs^Fms, Gs^Fms, Gs^Fms, Gs^Fms, Gg^Fms
Gs^Fds, Aa^Fda, Aa^Fda, Aa^Fpa, Aa^Fpa, Gs^Fms, Gll^Fdf, Gs^Fds, Gll^Fdf, Gd, Gd, Gd, Gd, Gd, Rb, Ai, Aa, Gd, Gd, Aa, Aa, Aa, Gs, Re, Re, Gd, Re, Rd, Re, Gs^Fds, Gs^Fms, Gll^Fmf, Gll^Fp, Gs^Fds, Gs^Fms, Gs^Fms, Gs^Fms, Aa^Fda, Gll^Fmf, Gs^Fms, Aa^Fda, Aa^Fda, Aa^Fda, Gg^Fms
Gg, Aa^Fpa, Aa^Fda, Aa, Gs, Gd^Em, Gd, Gs^Fp, Aa^Fpa, Aa^Fpa, Aa^Fpa, Gd, Gd, Gd, Re, Ai, Re, Aa, Gd, Aa^Vha, Aa^Es, Gs, Gs, Gs, Gs, Re, Rb, Rb, Rb, Aa^Fma, Aa^Fda, Aa^Fda, Aa^Fda, Gs^Fms, Gs^Fms, Gd, Gd, Gs^Fds, Gs^Fms, Gs^Fms, Aa^Fma, Aa^Fda, Gs^Fms, Gll^Fmf
Gs^Fms, Gs^Fmf, Gd^Fms, Gs^Fds, Aa^Fpa, Gs, Aa^Fpa, Gs^Fms, Gd, Aa^Fpa, Aa, Aa, Aa, Aa, Ai, Wwr, Ai, Aa, Aa, Gs, Gs, Gs, Gs, Gs, Gs, Gd, Re, Rb^Vha, Rb, Aa^Fma, Rb^Fp, Aa^Fma, Gs^Fds, Gll^Fmf, Gd, Aa, Aa^Feta, Gd, Gs^Fms, Aa^Fma, Aa^Fda, Aa^Fda, Gll^Fdf, Gll^Fmf
Gs^Fds, Gs^Fp, Aa^Fpa, Gd^Fms, Gs^Fmf, Aa^Fpa, Gs, Gs, Aa, Gd, Aa^Es, Aa, Aa, Aa, Aa, Rb, Gd, Ai, Aa, Aa, Gs, Gs, Gd, Gd^Efm, Gd, Gs, Rd, Rb, Rb^Fmw, Rd, Gll^Fdf, Aa, Aa^Fda, Aa, Gd, Aa, Aa, Aa, Gd, Gll^Fdf, Gll^Fdf, Gs^Fms, Gs^Fds, Gll^Fdf
Gs^Fp, Aa^Fda, Aa^Fda, Aa^Em, Aa, Aa, Aa, Gs, Aa, Aa, Aa, Aa, Gd, Aa, Gs, Gs, Gs, Ai^Es, Gs, Gs, Gs, Aa, Aa, Gd, Gd, Gd, Gd, Re, Gs^Fms, Gs^Fds, Aa^Fda, Aa^Fda, Gs^Fms, Aa, Gd, Gd^Efm, Gd, Gd^Em, Gs^Fms, Aa^Fda, Gs^Fms, Gs^Fms, Gs^Fms, Gg^Fms
Gs^Fms, Aa^Fpa, Aa^Fpa, Aa, Gd, Aa, Aa, Gd, Gd, Aa, Gd, Gd, Gd, Gs, Gd, Gs, Gs, Gs, Gs, Gs, Gs, Aa, Aa, Gd, Gd, Gd, Gd, Gd, Aa^Fma, Gs^Fds, Gs^Fms, Aa^Fma, Gll^Fmf, Gs^Fms, Gd, Gd, Gll^Fdf, Gs^Fds, Aa^Fma, Aa^Fma, Aa, Gll^Fdf, Gll^Fdf, Gg^Fms
Gll^Fp, Gs^Fms, Gd^Efm, Gd, Aa, Aa, Aa, Aa, Aa, Gd^Efm, Ha, Hhd^Fds, Gd^Efm, Gd, Gs^Fds, Gs, Gs^Fds, Gs, Gs, Gs, Aa, Aa^Vha, Gs, Gd, Gd, Gd, Gd, Gd, Gd, Aa^Fma, Gs^Fms, Aa^Fda, Aa, Gll^Fmf, Gs^Fms, Gs^Fms, Aa, Gll^Fmf, Aa^Fda, Aa^Fma, Aa, Gs, Gs^Fms, Gg^Fp
Gs^Fms, Gs^Fdf, Gs^Fms, Gd^Efm, Gd, Aa, Gd, Aa, Hhd, Ha^Fda, Ha, Hhd^Fds, Ha^Fpa, Ha^Fpa, Gs^Fds, Gs^Fms, Gs^Fms, Gs, Gs, Gs, Aa, Aa, Gs, Gd, Gd, Gd, Gd, Gd, Gs, Aa^Fda, Gll^Fmf, Aa, Aa, Gd, Gd, Aa, Aa, Aa^Fda, Aa^Fda, Gs^Fms, Gs, Gs, Gs^Fms, Gg^Fp
Aa^Fma, Aa^Fma, Gs^Fds, Gs^Vca, Aa^Es, Gd, Ha^Fma, Aa, Ha, Hhd, Aa, Hhd, Hhd^Fmf, Ha^Fpa, Gd^Efm, Gd^Efm, Gd, Gs^Fds, Gd, Gd, Gd, Gd, Gd, Gd, Gd, Gd, Aa, Aa, Gs, Gs, Gs, Gd, Gd^Efm, Cea, Aa^Vha, Aa, Gs^Fds, Gs^Fms, Gs^Fds, Aa, Gs^Fms, Gll^Fmf, Gs^Fms, Gll^Fdf
Aa^Fda, Aa^Fma, Gs^Fms, Aa^Fpa, Aa^Fda, Aa^Fda, Hhd^Fma, Ha^Fma, Hhd^Fms, Ha, Aa, Aa, Gd, Gd^Efm, Gd, Gd, Gd, Gd, Gd, Gg^Efm, Gd, Gs^Fms, Gs^Fms, Aa^Fpa, Aa^Fpa, Gd, Gd, Aa, Aa, Gs, Gd, Gd, Aa, Cea, Aa, Gd, Gs^Fms, Gs^Fms, Aa^Fma, Gs^Fms, Aa^Fda, Aa^Fda, Gs^Fmf, Gs^Fms
Gs^Fms, Gs^Fp, Aa, Aa^Fma, Aa^Fpa, Aa^Fpa, Aa^Fma, Hhd^Fma, Gs^Fds, Aa, Aa, Aa, Chr, Gd, Gd, Gs, Gd, Gd, Gll^Fmf, Gs^Fms, Gs^Fds, Aa^Fda, Aa^Fda, Aa^Fpa, Gd, Gd, Gd, Aa, Aa, Aa, Gd, Aa, Cea, 2 Kea, Aa, Aa, Gs^Es, Aa^Fma, Aa^Fda, Gs^Fms, Aa^Fda, Aa^Fma, Gs^Fms, Gs^Fms
Gs^Fds, Gs^Fms, Aa^Fda, Aa, Gs^Fms, Gs^Fms, Gs^Fms, Gs^Fms, Gs^Fds, Gs^Fms, Gd, Gd, Chr, Khr, Re, Rd, Rd^Fds, Gs^Fds, Gs^Fds, Gg, Gg, Aa^Fda, Aa^Fda, Gs^Fds, Gd, Gd^Efm, Aa, Aa^Vha, Cea, Aa, Aa, Gd, Gd, Aa, Gs, Aa, Gs, Gs, Gs, Rd^Fdf, Aa, Aa, Gs, Gd
Gs^Fms, Aa^Fda, Aa^Fma, Aa^Fpa, Aa^Fpa, Gs^Fms, Gs^Fdf, Gd^Es, Gd, Aa^Feta, Gd, Chr, Gs, Gd, Rb, Rb, Aa^Fpa, Aa^Fpa, Aa^Fpa, Aa^Fpa, Gs^Fp, Gs^Fds, Gs^Fdf, Gd, Gs^Fds, Gd^Es, Gs^Fdf, Cea, 1 Kea, Cea, Aa, Gd, Aa, Gd, Gs, Gs, Gd, Gs, Gd, Aa, Aa^Feta, Aa, Gd, Gd
Gg^Em, Gs^Fms, Aa^Vca, Aa^Fpa, Aa^Fma, Gs^Fds, Gd, Gd^Efm, Gd, Gd, Gd, Gd, Gd, Rb, Rb^Vhr, Rd^Fds, Aa^Fpa, Aa^Fda, Aa^Fda, Gs^Fmf, Gs^Fds, Aa^Fpa, Aa^Fpa, Gs^Fms, Aa^Fpa, Aa^Fpa, Aa^Fpa, Gs, Gs, Aa, Gs, Gd, Aa, Aa, Gd, Gd, Gd, Gd, Aa, Aa, Aa, Aa, Gd, Gd
Gd, Aa, Aa, Aa, Gd, Gd, Gd, Gd, Gd, Gd, Gs, Gs, Gd, Re, Rb^Fms, Rb^Fds, Gs^Fds, Gs^Fds, Gs^Fms, Gs^Fds, Gs^Fds, Gs^Fms, Gs^Fms, Gs^Fds, Gs^Fds, Aa^Fpa, Gs^Fds, Gs, Gg, Gs, Gd, Gd, Gd, Gs, Rd, Gd, Gd, Gd, Aa, Aa, Gd, Gd, Gd, Gd
