Rrc, Mm, Rrc, Mm, Rrc, Co, Co, Wwg, Mm, Wwg, Wwg, Wwg, Co, Wwg, Hh^Fp, Ha^Fp, Mm, Mm, Mm, Ha, Hh, Hh, Hh, Hh, Hh, Gs, Gs, Gs, Gs, Gs, Gs, Gs, Gs, Rrc, Gs, Aa, Aa, Aa^Fp, Hh, Ha, Chr, Mm, Mm^Xm, Mm, Ms^Xm, Ms^Xm, Ms^Xm, Ms^Xm, Ms^Xm, Ms^Xm, Ms, Ms, Ms, Mm, Ms^Xm, Mm^Xm, Ms^Xm, Mm
Rrc, Rrc, Rp^Em, Aa, Aa^Esa, Rrc^Vo, Rrc, Gg^Es, Rp, Coa, Co, Gg, Gg, Wwg, Wwg, Hh^Fp, Hh, Coa, Mm, Ha^Voa, Ha^Esa, Hh, Hh, Hh, Gs, Gs, Gs, Aa^Fp, Aa^Fp, Gs, Aa^Esa, Gs, Gs, Rrc, Rrc, Gs, Gs, Aa^Fp, Gs, Hh, Hh, Hh^Fp, Hh, Ha^Vu, Mm, Ms, Ms, Ms^Xm, Ms^Xm, Ms^Xm, Ha^Fp, Ms, Ms^Xm, Ms^Xm, Ms^Xm, Ms^Xm, Ms, Ms
Ss, Gg, Gg, Rb, Rb, Rrc, Rp^Ecf, Rrc, Rrc, Rrc, Rrc, Rb, Gg, Co, Coa, Wwg, Hh, Hh, Ms, Ms, Ms, Hh, Hh, Gs, Gs, Gs, Gs, Aa, Aa, Aa, Aa^Fms, Aa^Fp, Gs, Gs, Aa^Esa, Aa, Gs, Gs, Gs, Gs, Gs, Rb, Hh, Hh, Hh, Mm, Ha, Ms^Xm, Ms, Hh^Fp, Ms, Hh, Ms, Ms, Ms, Ms, Ms, Ms
Sm, Sm, Ss, Gg, Coa, Co, Rp, Rd, Rrc, Rrc, Rrc, Rb, Rb, Co^Vo, Re, Wwg, Wwg, Hh, Hh^Fp, Ms, Mm, Hh, Hh, Hh, Gs, Aa, Aa, Aa, Gs, Gs, Aa, Aa^Fp, Cer, Gs, Rp, Aa, Aa, Gs, Aa^Esa, Gs, Gs, Rb, Rb, Hh, Rb, Hh, Hh, Hh^Fp, Mm, Ha^Esa, Hh, Ms^Xm, Ha^Fp, Ms, Ms, Ha^Esa, Ms^Xm, Ms^Xm
Ss, Ss, Sm, Sm, Sm, Co, Co, Ko, Rp, Rp, Aa^Esa, Rrc, Rrc, Gs, Aa, Co, Wwg, Wwg, Hh, Mm, Ms, Hh^Vo, Hh, Hh, Hh, Aa^Fp, Aa, Aa^Esa, Gs, Gs, Gs, Gs, Aa, Rp, Ker, Gs, Gs, Aa, Aa, Aa, Gs, Gs, Gs, Rb, Rb, Rb, Hh, Ms^Xm, Mm, Hh, Hh, Ms^Xm, Ha, Ms, Hh^Vud, Ms, Ms^Xm, Ms^Xm
Ss^Vo, Ss, Gs, Co^Vo, Co, Co, Ko, Coa, Co, Co^Vo, Aa, Gd, Rrc^Ecf, Rrc, Gs, Wwg, Coa, Wwf, Sm, Hh, Ms, Ms, Ms, Hh^Voa, Hh, Aa, Aa^Fms, Aa^Fp, Gs, Gs, Rb^Vo, Aa, Aa, Cer, Cer, Gs, Aa, Gs, Aa, Aa^Fp, Gs, Gs, Gs, Gs, Rb, Rb, Hh, Hh, Hh, Hh, Chr, Mm, Ms, Hh, Ms, Ha, Ms, Ms
Sm, Sm, Rp^Em, Co, Rp, Co, Co^Vo, Co, Rp, Co, Rp^Es, Gd, Gll^Fdw, Rrc, Gs^Es, Re, Gg, Co, Sm, Hh, Coa, Mm, Ms, Ms, Hh, Ha, Ha^Fp, Aa^Fms, Gs, Gs, Gs, Gs, Aa, Gs, Gs, Gs, Aa^Es, Aa, Gs, Gs, Gs, Gs, Gs, Gs, Rb, Hh, Mm, Hh, Hh, Hh^Fp, Mm^Xm, Mm, Ms, Ms, Ms, Ms, Ms^Xm, Ms
Rrc, Rp, Rd, Rrc^Ecf, Rrc, Ko, Gs^Es, Co, Coa, Rp, Rrc, Gs, Rrc, Rrc, Rrc, Gs, Gg, Co, Wwg, Hh, Hh, Mm, Hh, Hh, Co, Hh, Gs, Gs, Gs, Gs, Gs, Gs, Rrc, Gs, Gs, Gs, Gs, Aa, Gs, Gs, Gs, Gs, Rb, Rb, Hh, Hh^Fp, Ms^Xm, Ms, Ha, Ms, Ms, Ms, Mm^Xm, Ms, Ms, Ms^Xm, Ms, Ms
Gs, Rb, Aa, Rd, Rrc, Rp, Gs, Co, Gs, Gs, Gs^Vo, Rrc, Rrc, Rb, Rb, Rrc, Rrc^Vo, Rrc, Rrc, Sm, Rb^Em, Hh, Rrc, Hh, Rp, Gg^Es, Rrc, Rp, Rp, Rp, Rp, Rrc, Gs, Gs, Gs, Gs, Aa, Gs, Gs, Gs, Gs, Rb, Rb, Hh, Ha, Ms, Ms^Xm, Ms, Ha, Ms, Ha, Hh^Fp, Ms^Xm, Ms, Ms, Ms, Ms, Ms
Gs, Gs^Es, Gll^Fdw, Aa^Esa, Rrc, Rrc, Rrc, Rp, Rrc, Rrc, Rrc, Rrc, Aa, Aa, Rb, Rrc, Rp, Rp, Rp, Rrc, Rp, Rrc, Hh, Rp, Co, Rrc, Gs, Aa, Gs, Gs, Gs, Aa, Aa, Gs, Gs, Aa, Gs, Gs, Gs, Gs, Rb, Rb, Ha, Ha, Ms, Mm, Mm, Mm, Hh, Mm, Ha, Ms, Ms, Ms, Ms^Xm, Ms, Ms, Ms^Xm
Wwf, Wwg, Gg^Vo, Rrc, Aa, Rb, Rrc, Rrc, Rp^Ecf, Rd, Rrc, Rb, Aa, Aa, Aa, Rb, Ss, Wwg, Ss, Sm, Co, Hh, Ms, Hh, Hh, Hh, Gs, Gs, Gs, Gs, Gs, Gs, Aa, Aa^Esa, Aa, Gs, Gs, Gs, Aa, Rb, Aa, Aa, Ha, Ha^Fp, Mm^Xm, Ms^Xm, Hh, Mm, Hh, Ha, Ha^Esa, Ms, Ms, Ms, Ms, Ms, Ms, Ms
Ss, Sm, Gg, Gg^Es, Gs, Rb, Rrc, Rd, Gs, Rd, Gs, Rrc, Gg^Vo, Aa^Esa, Rd, Gs, Coa, Ss, Hh, Hh, Mm, Mm, Hh, Hh^Voa, Hh, Hh^Es, Gs, Gs, Aa, Gs, Aa^Fp, Gs, Gg^Es, Rb, Gs, Gs, Gs, Gs, Gs, Rb, Aa, Hh, Ha, Mm, Mm, Chr, Hh, Hh, Mm, Ha^Fp, Mm, Ms, Mm^Xm, Ms, Mm^Xm, Ms, Mm^Xm, Ms
Ss, Co, Wwg, Gg, Wwf, Gs, Rp, Rp, Re, Gs, Gg, Rrc, Rd, Re, Wwg, Co, Wwg, Hh, Hh, Hh^Fp, Ms, Mm, Hh, Hh, Hh, Gs, Gs, Gs, Aa, Aa, Aa, Gs, Gs, Rb, Gs, Gs, Gs, Gs, Aa, Rb, Hh, Hh, Hh, Hh, Hh, Hh, Hh, Mm, Mm, Mm, Mm^Xm, Mm^Xm, Xu, Ms^Xm, Xu, Ms^Xm, Ms^Xm, Ms^Xm
Ss, Sm, Sm, Wwg, Co, Co, Coa, Re, Wwg, Re, Co, Rp, Co, Wwg, Ss, Ss, Hh, Hh, Ms, Ms, Hh, Hh, Hh, Hh, Gs, Gs, Aa^Voa, Aa^Esa, Aa, Gs, Gs, Gs, Gs, Rb, Gs, Gs, Gs, Aa, Aa^Fp, Aa, Hh, Hh, Hh, Hh, Hh, Hh, Mm, Mm, Mm, Mm, Mm, Xu, Uh, Xu, Uh, Mm^Xm, Xu, Ms^Xm
Ss, Sm, Sm, Ss, Sm, Sm, Ss, Ss, Sm, Co, Ss, Rb, Sm, Sm, Ss, Hh, Hh^Fp, Ms, Ms, Ms, Hh, Hh, Gs, Gs, Gs, Aa, Aa^Fp, Aa, Gs, Gs, Gs, Gs, Gs, Rb, Rb, Gs, Gs, Gs, Aa^Fp, Ha, Ha^Fp, Ha^Vhha, Ms^Xm, Hh, Hh, Ha, Mm, Mm, Ms^Xm, Ms^Xm, Xu, Uh^Vu, Cte, Cte, Cte, Uh, Xu, Xu
Ha, Ss, Hh, Ss, Hh, Hh, Hh, Hh, Hh, Ss, Hh, Ss, Ha, Ha, Coa^Vo, Mm, Mm, Mm, Hh, Hh, Hh, Hh, Gs, Gs, Gs, Gg^Fp, Gg^Fp, Gs, Gs, Gs, Gs, Gs, Gs, Gs, Gs, Rb, Gs, Gg^Fms, Gg^Fp, Ha, Ha, Mm, Mm, Mm, Ha^Fp, Ha, Mm, Mm, Ms^Xm, Xu, Xu, Uh, Uh, Kte, Uu, Uu^Vu, Xu, Xu
Hh, Aa^Fms, Hh^Voa, Hh^Fp, Ms, Ms, Ms, Hh, Ha, Hh, Co, Hh, Aa^Fms, Ms, Ha, Mm, Hh, Hh, Hh, Hh, Gs, Gs, Gs, Gs, Gs, Gs, Gs, Gs, Gs, Gs, Gs, Aa^Esa, Aa, Aa, Gs, Rb, Aa^Esa, Gs, Aa^Fms, Hh, Ha, Mm, Ms, Ms, Mm, Ha, Chr, Mm, Hh, Ha, Uh, Uh, Uh, Cte, Uu, Uu, Uh, Xu
Ms, Ms, Ms, Ha^Fp, Ms, Ms, Hh, Mm, Mm, Mm, Ha, Mm, Ms, Ms, Ha^Esa, Hh, Rb, Hh, Gs, Gs, Gs, Gs, Gs, Gs, Gs, Gs, Gs, Gs, Gs, Gs, Gs, Aa^Vhr, Aa, Gs, Rb, Rb, Aa^Esa, Aa, Gs, Gs, Hh, Hh, Ms, Ms, Mm^Xm, Ha, Hh, Hh, Hh, Hh, Ms, Hh, Hh, Hh, Hh, Uu, Uh, Xu
Hh, Ms, Ha, Mm, Hh, Hh, Hh, Hh^Vo, Hh, Mm, Hh, Hh, Hh, Ha, Hh, Hh, Rb, Rb, Gs, Gs, Gs, Ha^Fp, Hh, Hh, Gs, Gs, Gs, Gs, Gs, Gs, Gs, Gs, Rb, Rb, Gs, Aa, Aa, Gs, Gs, Gs, Hh, Hh, Hh, Mm, Ms, Hh, Hh, Hh, Mm, Ms, Xu, Hh^Vu, Hh, Uh, Uh, Uh, Xu, Xu
Hh, Hh, Hh, Ha^Esa, Gs, Hh, Hh, Hh, Hh, Hh, Rb, Hh, Hh, Hh, Aa, Rb, Gs, Gs, Gs, Gs, Gs, Ha^Esa, Ha, Hh, Gs, Gs, Gs, Gs, Gs, Gs, Rb, Rb, Gg^Es, Gs, Gs, Gs, Gs, Gs, Aa^Fp, Gs, Hh, Hh, Ha, Chr, Ms, Hh, Hh, Hh^Fp, Mm, Ms^Xm, Ms^Xm, Xu, Ms, Xu, Xu, Xu, Xu, Xu
Hh, Hh, Gs, Gs, Gs, Gs, Gs, Rb, Rb, Rb, Rb, Re, Gs, Aa, Cer, Rb, Gs, Gs, Hh, Gs, Gs, Hh, Hh, Hh, Gs, Gs, Aa, Aa^Esa, Rb, Rb, Gs, Gs, Gs, Gs, Gs, Gs, Re, Rb, Aa, Aa, Gs, Hh, Ha^Fp, Ha, Hh, Hh, Ha, Ha^Vu, Ms, Ms, Ms^Xm, Ms, Ms^Xm, Ms^Xm, Ms^Xm, Xu, Ms^Xm, Ms^Xm
Ha, Hh, Gs, Gs, Hh, Gs, Hh, Gs, Cer, Rb, Gs, Gs, Gs, Aa, Gs, Gs, Ha, Hh, Ha^Fp, Ha, Gs, Gs, Gs, Gs, Gs, Aa^Es, Aa, Aa, Rb, Gs, Gs, Gs, Gs, Gs, Gs, Aa, Aa^Fp, Rb, Aa, Aa^Esa, Aa, Gs, Ha, Hh, Hh, Hh, Ha, Ms^Xm, Ms, Ms, Mm, Mm, Mm, Ms^Xm, Ms^Xm, Ms^Xm, Ms^Xm, Ms^Xm
Ha, Gs, Gs, Gs, Mm, Gs, Hh, Hh, Gs, Ker, Gs, Gs, Gs, Gs, Gs, Gs, Ha^Esa, Hh, Ha, Ha, Gs, Gs, Gs, Aa, Aa^Fp, Aa^Fms, Aa^Vhr, Aa^Esa, Aa, Gs, Gs, Gs, Gs, Gs, Gs, Gs, Gs, Rb, Aa, Aa, Gs, Gs, Gs, Ha, Gs, Hh, Hh, Ha^Fp, Mm, Mm, Mm, Mm, Mm, Mm, Mm, Ms^Xm, Ms^Xm, Ms^Xm
Ha, Gs, Gs, Hh, Hh, Ms, Ms, Hh, Hh, Gs, Gs, Gs, Gs, Gs, Gs, Ha^Fp, Ha, Hh, Aa, Ha^Esa, Gs, Gs, Gs, Gs, Aa, Aa^Fp, Aa, Aa, Aa, Aa, Rb, Gg^Es, Rb, Gs, Gs, Gs, Gs, Gs, Gs, Gs, Gs, Gs, Gg^Efm, Gs, Gs, Hh, Hh, Hh, Hh, Ms, Ms, Mm, Ms, Mm, Ms, Mm, Ms, Ms^Xm
Hh, Hh, Gs, Hh, Hh, Mm, Hh, Hh, Gs, Gs, Gs, Gs, Gs, Cer, Gs, Gs, Gs, Aa, Gs, Gs, Gs, Gs, Gs, Gs, Gs, Gs, Gs, Gs, Gs, Gg^Es, Gs, Rb, Gs, Rb, Rb, Rb, Rb, Gs, Gs, Gs, Gs, Gs, Gs, Gs, Gs, Gs, Gs, Hh, Gs, Hh, Ha, Ms, Chr, Mm, Mm, Mm, Mm, Ms
Hh^Fms, Hh, Gs, Gs, Gs, Hh, Hh, Hh, Gs, Gs, Aa^Vhr, Aa, Aa, Gs, Gs, Aa, Gs, Gs, Gs, Gs, Gs, Gs, Gs, Gs, Gs, Gs, Gs, Gs, Rb, Gs, Gs, Gs, Gs, Gs, Gs, Gg^Es, Gs, Rb, Gs, Gs, Gs, Gs, Aa, Gs, Gs, Gs, Gs, Gs, Gs, Hh, Hh, Ha, Ha, Ms^Xm, Ms, Mm, Ms, Ms
Aa^Fp, Aa^Fp, Gg^Fms, Gs, Gs, Gs, Gs, Gs, Gs, Gs, Gs, Gs, Gs, Gs, Gs, Gs, Gs, Gs, Aa, Gs, Aa, Ha, Ha^Fp, Aa, Aa^Esa, Aa, Aa, Rb, Rb, Re, Re, Gs, Gg^Fms, Gs, Gs, Gs, Gs, Aa, Aa^Esa, Gs, Aa, Aa, Aa^Fp, Aa, Aa, Gs, Gs, Gs, Gs, Gs, Ha, Ha^Esa, Hh, Ha^Fp, Ms, Ms, Ms, Mm
Aa^Fp, Aa^Fp, Aa^Fma, Gs, Gs, Gs, Gs, Gs, Gs, Gs, Gs, Gs, Gs, Gs, Gs, Gs, Gs, Gs, Aa, Aa^Esa, Ha, Ha, Aa, Aa, Gs, Aa^Vhr, Rb, Rb, Rb, Re, Gs, Gs, Gg^Fms, Aa^Fp, Aa, Gs, Gs, Rb, Aa, Aa^Vwm, Aa, Aa^Fp, Aa, Aa, Aa, Aa^Esa, Gs, Gs, Gs, Gs, Gs, Ha, Ha, Hh, Hh^Vu, Ms, Ms, Mm
Ha, Ha^Esa, Hh, Gs, Gg^Efm, Gs, Gs, Gs, Gs, Gs, Gs, Gs, Gs, Gs, Gs, Gs, Gs, Gs, Aa, Ha^Fp, Ha^Esa, Ha^Esa, Hh, Gs, Gs, Aa, Rb, Rb, Gs, Gs, Gs, Gs, Gs, Aa, Aa^Esa, Aa, Rb, Rb, Aa^Fp, Re, Gs, Aa, Aa, Aa^Vha, Aa, Aa, Aa^Fms, Gs, Gs, Gs, Gs, Gs, Ha, Hh, Mm, Mm, Ms, Ms
Ms, Ms, Ms, Ha, Ms, Hh, Ha, Hh, Gg^Efm, Gs, Gs, Gs, Gs^Fms, Gg^Efm, Gs^Fms, Gs, Gs, Gs, Aa, Ha, Ha, Hh, Gs, Gs, Gs, Gs, Gs, Gs, Gs, Gs, Rb, Rb^Es, Rb^Es, Gs, Aa, Aa^Fp, Gs, Rb, Re, Re, Gs, Aa, Aa, Aa, Gg^Esa, Aa, Aa^Fp, Gs, Gs, Gs, Gs, Gs, Hh, Mm, Ms, Mm, Ha^Fp, Mm
Ms, Ms, Ms, Ms, Ms, Ms, Ms, Ha^Esa, Hh^Fms, Gs^Fms, Aa^Fms, Gll^Fp, Aa^Fms, Gll^Fp, Aa^Fp, Gll^Fp, Gs^Fms, Gs, Gs, Gs, Gs, Gs, Gs, Gs, Aa, Aa, Rb, Gs, Rb, Rb, Gs, Gs, Gs, Rb, Aa, Aa, Gs, Rb, Gs, Gs, Rb, Rb, Re, Re, Aa, Aa, Gs, Gs, Gs, Gs, Gs, Gs, Gs, Hh, Ha, Ha^Esa, Ha, Ha
Ms, Ms, Ms, Ms, Ms, Ms, Ms, Ha, Hh^Fp, Ha^Fms, Aa^Fma, Gll^Fp, Gll^Fp, Aa^Fp, Gs^Fms, Gs^Fms, Aa^Fms, Aa^Fp, Aa^Fms, Gs, Gs, Gs, Rb, Gs, Aa, Rb, Gs, Rb, Ce, Gs, Gs, Gs, Gs, Aa^Fp, Gs, Aa^Esa, Aa, Aa^Vha, Gs, Re, Aa^Fp, Rb, Re, Re, Re, Re, Re, Gs, Ce, Gs, Gs, Gs, Gs, Gs, Hh, Ha, Gs, Ha
Ms, Ms, Hh^Fms, Ms, Ha^Fms, Ms, Ha^Fms, Ha^Fp, Hh^Fp, Hh^Fms, Aa^Fp, Aa^Fma, Aa^Fms, Gll^Fp, Gs^Fms, Aa^Fp, Aa^Fms, Aa^Fp, Gs^Fms, Gll^Fp, Gs, Rb, Gs, Aa, Aa^Esa, Aa, Gs, Gs, Ke, Ce, Gs, Gs, Gs, Gs, Gs, Gs, Gs, Gs, Gs, Aa, Aa, Aa, Aa, Aa, Gs, Gs, Ce, Ce, Gs, Gg^Efm, Gs, Gs, Gs, Gs, Gs, Gs, Gs, Hh
Ha^Fms, Ha^Fp, Ha^Fms, Hh^Fp, Hh^Fms, Hh^Fp, Hh^Fms, Hh^Fp, Hh^Fms, Hh^Fms, Aa^Fp, Gll^Fma, Gs, Gs^Fms, Gll^Fp, Aa^Fp, Gs^Fms, Gll^Fp, Gs^Fms, Gs^Fms, Gs, Rb, Gs, Aa^Fp, Aa, Aa^Vha, Gs, Ce, Gs, Gs, Gs, Gs, Gs, Gs, Gs^Fms, Gs^Fms, Gs, Gs, Gs, Gs, Re, Re, Gs, Gs, Gs, Gs, Ce, Ke, Aa, Gs, Gs, Gs, Gs, Gg^Efm, Gs, Gs, Gs, Gs
Hh^Fms, Ha^Fp, Hh^Fp, Hh^Fms, Hh^Fp, Hh^Fp, Hh^Fms, Ha^Fp, Hh^Fp, Gll^Fp, Gll^Fp, Gll^Fp, Gs, Gs, Gg^Efm, Gll^Fp, Gs^Fms, Gs^Fms, Gll^Fp, Gs, Gs, Rb, Gs, Gs, Gs, Gs, Gs, Gs, Gs, Gs, Gll^Fp, Gs^Fms, Gll^Fp, Gs^Fms, Gll^Fp, Gll^Fp, Gll^Fp, Gs, Gs^Fms, Gs, Gs, Re, Gs, Gs, Gs, Gs, Gs, Gs, Gs^Fms, Gs, Gs, Gs, Gs, Gs, Gs, Gs, Gs^Fms, Gs
Hh^Fp, Hh^Fp, Ha^Fp, Ha^Fp, Ha^Fms, Ha^Fma, Aa^Fma, Gll^Fp, Gll^Fp, Gs, Gs, Gs, Rb, Gs, Aa, Gs, Gs, Gs, Gs, Gs, Rb, Rb, Gs, Gs, Aa^Fp, Gs, Gs^Fms, Gs, Gs^Fms, Gll^Fp, Aa, Gll^Fp, Aa, Gg, Gll^Fp, Aa, Aa, Gll^Fp, Gs^Fms, Gs, Aa, Gs, Gs, Gs, Gs, Gs, Gs^Fms, Gs^Fms, Aa^Fms, Gs, Gll^Fp, Gs^Fms, Aa^Fp, Gs^Fms, Aa^Fp, Gs^Fms, Gs^Fms, Gs^Fms
Ha^Fp, Hh^Fms, Hh^Fp, Ha^Fms, Gg^Fp, Gs^Fms, Gg^Efm, Gs, Rb, Gs, Rb, Rb, Gs, Rb, Aa, Gs, Rb, Gs, Gs, Gs, Rb, Gs, Gs, Gs^Fms, Gll^Fp, Aa^Fp, Gll^Fp, Aa^Fms, Aa^Fp, Aa^Fp, Aa^Fms, Aa^Fp, Aa, Aa^Fp, Gll^Fp, Gg, Aa^Fp, Aa^Fp, Aa^Fp, Gs, Aa, Ce, Ke, Ce, Gs, Gs, Gs^Fms, Gs^Fms, Gll^Fp, Gs^Fms, Gll^Fp, Aa^Fp, Gll^Fp, Aa^Fms, Aa^Fp, Gs^Fms, Gs^Fma, Gll^Fp
Ha^Fp, Hh^Fp, Gs, Gg^Es, Gs, Gs, Rb, Rb, Gs^Fms, Rb, Gs^Fms, Gs, Aa^Fms, Aa^Fp, Gs^Fms, Rb, Aa, Rb, Aa^Esa, Rb, Gs, Gs, Gll^Fp, Gs^Fms, Gg, Gg, Gs^Fms, Aa^Fp, Aa^Fp, Gs^Fms, Gll^Fp, Gg, Gll^Fp, Aa, Gll^Fp, Gll^Fp, Gg^Fp, Gll^Fp, Gll^Fp, Gs^Fms, Gll^Fp, Gs, Ce, Ce, Gs, Gs, Gll^Fp, Aa^Fms, Aa^Fp, Aa, Gs, Gs^Fms, Gll^Fp, Aa^Fp, Aa^Fp, Aa^Fp, Aa^Fma, Gs^Fms
Gs, Gs, Aa, Gs, Rb, Rb, Gg, Aa^Fms, Aa^Fms, Gs^Fms, Aa^Fp, Aa^Fp, Aa^Fma, Aa^Fp, Gll^Fp, Aa^Fms, Aa, Aa, Aa, Gs, Gg^Efm, Gll^Fms, Aa^Fp, Gs^Fms, Aa^Esa, Gs^Fms, Gs^Fms, Gs^Fms, Aa, Gg, Gs^Fms, Aa, Aa, Aa^Fp, Aa^Fp, Gll^Fp, Gll^Fp, Gll^Fp, Gs^Fms, Gg, Aa^Fp, Gs, Gs, Gg^Efm, Gs, Gg^Fp, Aa^Fma, Aa^Fms, Aa^Fp, Aa^Vea, Aa^Fp, Aa^Fp, Gs^Fms, Gs, Aa, Aa^Fp, Gll^Fp, Gll^Fp
Rb, Rb, Aa^Fp, Aa, Aa^Fp, Gs^Fms, Gs^Fms, Aa^Fp, Aa, Gs^Fms, Gg, Gs^Fms, Gs^Fms, Aa^Fma, Aa, Gs^Fms, Aa^Fms, Aa^Vea, Aa^Fma, Aa, Aa^Fma, Aa^Fma, Gll^Fms, Gll^Fp, Aa^Fp, Gs^Fms, Aa, Gll^Fp, Aa, Aa, Gs^Fms, Gll^Fp, Aa^Esa, Aa^Fp, Gs^Fms, Gll^Fp, Aa^Fma, Gll^Fp, Aa^Fp, Gs^Fms, Gg^Fp, Aa, Gs, Gs, Gs, Gs, Gs, Gll^Fp, Gll^Fp, Aa^Fp, Gll^Fp, Gs^Fms, Gll^Fp, Gs, Gll^Fp, Gll^Fp, Gg^Fp, Gll^Fp
Aa, Aa, Aa, Aa^Fp, Aa, Aa^Fms, Gs^Fms, Gg, Aa^Fms, Aa^Fp, Gll^Fp, Aa^Fp, Gll^Fp, Gg, Aa^Fma, Gll^Fp, Gs^Fms, Aa^Fp, Aa^Fma, Aa^Fma, Gll^Fp, Aa^Fma, Gs^Fms, Gll^Fp, Aa^Fp, Aa^Fp, Aa^Fp, Gll^Fp, Gs^Fms, Gs^Fms, Gs^Fms, Aa^Fp, Gs^Fms, Gs^Fms, Aa^Fp, Gs^Fms, Gs, Aa^Fma, Gs^Fms, Gll^Fp, Gs^Fms, Aa, Gs, Gs, Gs, Gs, Gs^Fms, Gs^Fms, Aa^Fp, Gs^Fms, Aa^Fp, Gs^Fms, Aa^Fp, Gll^Fp, Gll^Fp, Aa^Fms, Aa^Fms, Gll^Fp
Aa^Fms, Gll^Fma, Aa^Fp, Aa, Gll^Fp, Gg^Efm, Aa, Gs^Fms, Gll^Fp, Gll^Fp, Gs^Fma, Gll^Fp, Gll^Fp, Aa^Fma, Gs^Fms, Aa^Fma, Gll^Fp, Gll^Fma, Gll^Fp, Aa^Fma, Gs^Fp, Gll^Fp, Gll^Fp, Aa^Fms, Aa, Aa^Fms, Aa^Fp, Gs^Fms, Gs^Fms, Gs^Fms, Aa^Fp, Aa^Fp, Aa^Fp, Gll^Fp, Aa, Aa, Gs, Gs^Fms, Gs^Fms, Gs^Fms, Aa, Gs, Gs, Gs, Gs, Aa^Fms, Aa^Fms, Aa, Gs, Aa, Gll^Fp, Gs^Fms, Aa^Fp, Aa^Fp, Aa^Fp, Aa^Fms, Aa^Fp, Gll^Fp
Aa^Fma, Aa^Fma, Aa^Fma, Aa^Fma, Aa^Fp, Aa^Fp, Gs^Fms, Gll^Fp, Aa^Fp, Gs^Fms, Aa, Aa^Fp, Gs^Fms, Gll^Fp, Aa, Gll^Fp, Aa^Fp, Gll^Fp, Gs^Fms, Gg^Es, Gs^Fms, Gs^Fp, Gs^Fms, Aa^Fms, Gs^Fp, Gs^Fms, Gg^Fms, Aa, Gg^Fp, Aa^Fp, Gs^Fms, Gs^Fms, Gll^Fp, Gs^Fms, Aa^Fp, Gg^Fms, Gs, Aa^Esa, Gs^Fms, Gs^Fms, Aa, Gs, Gll^Fp, Gs, Gs, Gs, Gs^Fms, Gs, Gs^Fms, Gll^Fp, Gs^Fms, Aa^Fms, Aa^Fp, Aa^Fp, Aa^Fp, Aa^Fp, Gll^Fp, Aa^Fms
Aa^Fp, Gs^Fms, Aa^Fms, Gll^Fp, Aa^Fms, Gs^Fms, Gll^Fp, Gll^Fp, Gll^Fp, Gs^Fms, Aa, Gll^Fp, Aa^Fp, Aa, Aa^Fms, Gll^Fp, Aa^Fms, Gll^Fp, Aa^Fp, Gg, Gg, Gs^Fms, Gs^Fms, Aa^Fp, Gg, Gs^Fms, Gs^Fms, Gg^Fp, Gg, Gg^Fp, Gg^Fp, Gll^Fp, Gg, Gll^Fp, Gs, Gs, Aa, Aa, Gs^Fms, Gg^Fms, Gll^Fp, Gs^Fms, Gs, Gs, Gs, Gs, Gs^Fms, Gll^Fp, Gll^Fp, Gs^Fms, Gll^Fp, Aa, Gll^Fp, Aa^Fp, Gll^Fp, Aa^Fp, Gll^Fp, Aa^Fp
